// Jest Snapshot v1, https://goo.gl/fbAQLP

exports[`Test FileUpload Test FileUpload snapshot 1`] = `ShallowWrapper {}`;
