// Jest Snapshot v1, https://goo.gl/fbAQLP

exports[`VehicleDetails Test Test VehicleDetails snapshot 1`] = `ShallowWrapper {}`;
