// Jest Snapshot v1, https://goo.gl/fbAQLP

exports[`Layout Test Test Layout snapshot 1`] = `ShallowWrapper {}`;
