// Jest Snapshot v1, https://goo.gl/fbAQLP

exports[`AllReports Test Test AllReports snapshot 1`] = `ShallowWrapper {}`;
