// Jest Snapshot v1, https://goo.gl/fbAQLP

exports[`Dashboard Test Test Dashboard snapshot 1`] = `ShallowWrapper {}`;
