// Jest Snapshot v1, https://goo.gl/fbAQLP

exports[`LastReport Test Test LastReport snapshot 1`] = `ShallowWrapper {}`;
