// Jest Snapshot v1, https://goo.gl/fbAQLP

exports[`ReportDamage Test Test ReportDamage snapshot 1`] = `ShallowWrapper {}`;
