// Jest Snapshot v1, https://goo.gl/fbAQLP

exports[`Dashboard Test Test Dashboard snapshot 1`] = `
<h1>
  Report Your Damage...!
</h1>
`;
